
> resonant-planetary@0.0.0 build
> vite build

[36mvite v7.3.0 [32mbuilding client environment for production...[36m[39m
transforming...
[32mΓ£ô[39m 3 modules transformed.
node.exe : [31mΓ£ù[39m 
Build failed in 639ms
At C:\Program 
Files\nodejs\npm.ps1:29 
char:3
+   & $NODE_EXE 
$NPM_CLI_JS $args
+   ~~~~~~~~~~~~~~~~~~~~~~
~~~~~~~
    + CategoryInfo        
      : NotSpecified: (  
  [31mΓ£ù[39m Build fa   
 iled in 639ms:String)    
 [], RemoteException
    + FullyQualifiedError 
   Id : NativeCommandErr  
  or
 
[31merror during build:
[31m[vite:esbuild] 
Transform failed with 1 
error:
C:/fluency-pro/src/App.jsx
:2281:14: ERROR: Expected 
"}" but found ")"[31m
file: [36mC:/fluency-pro/
src/App.jsx:2281:14[31m
[33m
[33mExpected "}" but 
found ")"[33m
2279 |                    
</div>
2280 |                  )
2281 |                )}
     |                ^
2282 |                </>
2283 |              ) : (
[31m
    at 
failureErrorWithLog (C:\fl
uency-pro\node_modules\esb
uild\lib\main.js:1467:15)
    at C:\fluency-pro\node
_modules\esbuild\lib\main.
js:736:50
    at responseCallbacks.<
computed> (C:\fluency-pro\
node_modules\esbuild\lib\m
ain.js:603:9)
    at 
handleIncomingPacket (C:\f
luency-pro\node_modules\es
build\lib\main.js:658:12)
    at 
Socket.readFromStdout (C:\
fluency-pro\node_modules\e
sbuild\lib\main.js:581:7)
    at Socket.emit 
(node:events:518:28)
    at addChunk (node:inte
rnal/streams/readable:561:
12)
    at readableAddChunkPus
hByteMode (node:internal/s
treams/readable:512:3)
    at Readable.push (node
:internal/streams/readable
:392:5)
    at Pipe.onStreamRead (
node:internal/stream_base_
commons:189:23)[39m
